app/admin/products/import/page.tsx(32,38): error TS2339: Property 'errors' does not exist on type 'ZodError<{ category: string; items: { name: string; price: number; stock: number; brand: string; images: string[]; specifications: Record<string, string>; tags: string[]; recommended: boolean; discountedPrice?: number; description?: string; }[]; }>'.
app/api/admin/products/bulk/route.ts(56,44): error TS2769: No overload matches this call.
  Overload 1 of 2, '(writes: AnyBulkWriteOperation<IProductDocument>[], options: BulkWriteOptions & MongooseBulkWriteOptions & { ...; }): Promise<...>', gave the following error.
    Argument of type '{ updateOne: { filter: { name: string; brand: string; }; update: { $set: { category: string; slug: string; name: string; price: number; stock: number; brand: string; images: string[]; specifications: Record<string, string>; tags: string[]; recommended: boolean; discountedPrice?: number; description?: string; }; }; u...' is not assignable to parameter of type 'AnyBulkWriteOperation<IProductDocument>[]'.
      Type '{ updateOne: { filter: { name: string; brand: string; }; update: { $set: { category: string; slug: string; name: string; price: number; stock: number; brand: string; images: string[]; specifications: Record<string, string>; tags: string[]; recommended: boolean; discountedPrice?: number; description?: string; }; }; u...' is not assignable to type 'AnyBulkWriteOperation<IProductDocument>'.
        Type '{ updateOne: { filter: { name: string; brand: string; }; update: { $set: { category: string; slug: string; name: string; price: number; stock: number; brand: string; images: string[]; specifications: Record<string, string>; tags: string[]; recommended: boolean; discountedPrice?: number; description?: string; }; }; u...' is not assignable to type '{ updateOne: UpdateOneModel<IProductDocument>; }'.
          Types of property 'updateOne' are incompatible.
            Type '{ filter: { name: string; brand: string; }; update: { $set: { category: string; slug: string; name: string; price: number; stock: number; brand: string; images: string[]; specifications: Record<string, string>; tags: string[]; recommended: boolean; discountedPrice?: number; description?: string; }; }; upsert: boolea...' is not assignable to type 'UpdateOneModel<IProductDocument>'.
              Type '{ filter: { name: string; brand: string; }; update: { $set: { category: string; slug: string; name: string; price: number; stock: number; brand: string; images: string[]; specifications: Record<string, string>; tags: string[]; recommended: boolean; discountedPrice?: number; description?: string; }; }; upsert: boolea...' is not assignable to type 'Omit<UpdateOneModel<IProductDocument>, "filter">'.
                Types of property 'update' are incompatible.
                  Type '{ $set: { category: string; slug: string; name: string; price: number; stock: number; brand: string; images: string[]; specifications: Record<string, string>; tags: string[]; recommended: boolean; discountedPrice?: number; description?: string; }; }' is not assignable to type 'Document[] | UpdateFilter<IProductDocument>'.
                    Type '{ $set: { category: string; slug: string; name: string; price: number; stock: number; brand: string; images: string[]; specifications: Record<string, string>; tags: string[]; recommended: boolean; discountedPrice?: number; description?: string; }; }' is not assignable to type 'UpdateFilter<IProductDocument>'.
                      Type '{ $set: { category: string; slug: string; name: string; price: number; stock: number; brand: string; images: string[]; specifications: Record<string, string>; tags: string[]; recommended: boolean; discountedPrice?: number; description?: string; }; }' is not assignable to type '{ $currentDate?: AcceptedFields<IProductDocument, Date | Timestamp, true | { $type: "date" | "timestamp"; }> & NotAcceptedFields<IProductDocument, Date | Timestamp> & Record<...>; ... 13 more ...; $bit?: AcceptedFields<...> & ... 1 more ... & Record<...>; }'.
                        Types of property '$set' are incompatible.
                          Type '{ category: string; slug: string; name: string; price: number; stock: number; brand: string; images: string[]; specifications: Record<string, string>; tags: string[]; recommended: boolean; discountedPrice?: number; description?: string; }' is not assignable to type 'MatchKeysAndValues<IProductDocument>'.
                            Type '{ category: string; slug: string; name: string; price: number; stock: number; brand: string; images: string[]; specifications: Record<string, string>; tags: string[]; recommended: boolean; discountedPrice?: number; description?: string; }' is not assignable to type 'Readonly<Partial<IProductDocument>>'.
                              Types of property 'specifications' are incompatible.
                                Type 'Record<string, string>' is missing the following properties from type 'Map<string, string>': clear, delete, forEach, get, and 8 more.
  Overload 2 of 2, '(writes: AnyBulkWriteOperation<IProductDocument>[], options?: BulkWriteOptions & MongooseBulkWriteOptions): Promise<...>', gave the following error.
    Argument of type '{ updateOne: { filter: { name: string; brand: string; }; update: { $set: { category: string; slug: string; name: string; price: number; stock: number; brand: string; images: string[]; specifications: Record<string, string>; tags: string[]; recommended: boolean; discountedPrice?: number; description?: string; }; }; u...' is not assignable to parameter of type 'AnyBulkWriteOperation<IProductDocument>[]'.
      Type '{ updateOne: { filter: { name: string; brand: string; }; update: { $set: { category: string; slug: string; name: string; price: number; stock: number; brand: string; images: string[]; specifications: Record<string, string>; tags: string[]; recommended: boolean; discountedPrice?: number; description?: string; }; }; u...' is not assignable to type 'AnyBulkWriteOperation<IProductDocument>'.
        Type '{ updateOne: { filter: { name: string; brand: string; }; update: { $set: { category: string; slug: string; name: string; price: number; stock: number; brand: string; images: string[]; specifications: Record<string, string>; tags: string[]; recommended: boolean; discountedPrice?: number; description?: string; }; }; u...' is not assignable to type '{ updateOne: UpdateOneModel<IProductDocument>; }'.
          Types of property 'updateOne' are incompatible.
            Type '{ filter: { name: string; brand: string; }; update: { $set: { category: string; slug: string; name: string; price: number; stock: number; brand: string; images: string[]; specifications: Record<string, string>; tags: string[]; recommended: boolean; discountedPrice?: number; description?: string; }; }; upsert: boolea...' is not assignable to type 'UpdateOneModel<IProductDocument>'.
              Type '{ filter: { name: string; brand: string; }; update: { $set: { category: string; slug: string; name: string; price: number; stock: number; brand: string; images: string[]; specifications: Record<string, string>; tags: string[]; recommended: boolean; discountedPrice?: number; description?: string; }; }; upsert: boolea...' is not assignable to type 'Omit<UpdateOneModel<IProductDocument>, "filter">'.
                Types of property 'update' are incompatible.
                  Type '{ $set: { category: string; slug: string; name: string; price: number; stock: number; brand: string; images: string[]; specifications: Record<string, string>; tags: string[]; recommended: boolean; discountedPrice?: number; description?: string; }; }' is not assignable to type 'Document[] | UpdateFilter<IProductDocument>'.
                    Type '{ $set: { category: string; slug: string; name: string; price: number; stock: number; brand: string; images: string[]; specifications: Record<string, string>; tags: string[]; recommended: boolean; discountedPrice?: number; description?: string; }; }' is not assignable to type 'UpdateFilter<IProductDocument>'.
                      Type '{ $set: { category: string; slug: string; name: string; price: number; stock: number; brand: string; images: string[]; specifications: Record<string, string>; tags: string[]; recommended: boolean; discountedPrice?: number; description?: string; }; }' is not assignable to type '{ $currentDate?: AcceptedFields<IProductDocument, Date | Timestamp, true | { $type: "date" | "timestamp"; }> & NotAcceptedFields<IProductDocument, Date | Timestamp> & Record<...>; ... 13 more ...; $bit?: AcceptedFields<...> & ... 1 more ... & Record<...>; }'.
                        Types of property '$set' are incompatible.
                          Type '{ category: string; slug: string; name: string; price: number; stock: number; brand: string; images: string[]; specifications: Record<string, string>; tags: string[]; recommended: boolean; discountedPrice?: number; description?: string; }' is not assignable to type 'MatchKeysAndValues<IProductDocument>'.
                            Type '{ category: string; slug: string; name: string; price: number; stock: number; brand: string; images: string[]; specifications: Record<string, string>; tags: string[]; recommended: boolean; discountedPrice?: number; description?: string; }' is not assignable to type 'Readonly<Partial<IProductDocument>>'.
                              Types of property 'specifications' are incompatible.
                                Type 'Record<string, string>' is missing the following properties from type 'Map<string, string>': clear, delete, forEach, get, and 8 more.
app/api/cart/[itemId]/route.ts(21,29): error TS2339: Property 'id' does not exist on type 'Schema<any, Model<any, any, any, any, any, any, any>, {}, {}, {}, {}, { _id: true; }, { name: string; image: string; slug: string; price: number; productId: ObjectId; quantity: number; }, Document<...> & ... 1 more ... & { ...; }, unknown, { ...; } & ... 1 more ... & { ...; }>[]'.
app/api/cart/[itemId]/route.ts(25,18): error TS2339: Property 'pull' does not exist on type 'Schema<any, Model<any, any, any, any, any, any, any>, {}, {}, {}, {}, { _id: true; }, { name: string; image: string; slug: string; price: number; productId: ObjectId; quantity: number; }, Document<...> & ... 1 more ... & { ...; }, unknown, { ...; } & ... 1 more ... & { ...; }>[]'.
app/api/cart/[itemId]/route.ts(49,16): error TS2339: Property 'pull' does not exist on type 'Schema<any, Model<any, any, any, any, any, any, any>, {}, {}, {}, {}, { _id: true; }, { name: string; image: string; slug: string; price: number; productId: ObjectId; quantity: number; }, Document<...> & ... 1 more ... & { ...; }, unknown, { ...; } & ... 1 more ... & { ...; }>[]'.
app/api/cart/route.ts(38,7): error TS2769: No overload matches this call.
  Overload 1 of 2, '(predicate: (value: Schema<any, Model<any, any, any, any, any, any, any>, {}, {}, {}, {}, { _id: true; }, { name: string; image: string; slug: string; price: number; productId: ObjectId; quantity: number; }, Document<...> & ... 1 more ... & { ...; }, unknown, { ...; } & ... 1 more ... & { ...; }>, index: number, obj: Schema<...>[]) => value is Schema<...>, thisArg?: any): Schema<...>', gave the following error.
    Argument of type '(i: { productId: { toString(): string; }; }) => boolean' is not assignable to parameter of type '(value: Schema<any, Model<any, any, any, any, any, any, any>, {}, {}, {}, {}, { _id: true; }, { name: string; image: string; slug: string; price: number; productId: ObjectId; quantity: number; }, Document<...> & ... 1 more ... & { ...; }, unknown, { ...; } & ... 1 more ... & { ...; }>, index: number, obj: Schema<......'.
      Types of parameters 'i' and 'value' are incompatible.
        Property 'productId' is missing in type 'Schema<any, Model<any, any, any, any, any, any, any>, {}, {}, {}, {}, { _id: true; }, { name: string; image: string; slug: string; price: number; productId: ObjectId; quantity: number; }, Document<...> & ... 1 more ... & { ...; }, unknown, { ...; } & ... 1 more ... & { ...; }>' but required in type '{ productId: { toString(): string; }; }'.
  Overload 2 of 2, '(predicate: (value: Schema<any, Model<any, any, any, any, any, any, any>, {}, {}, {}, {}, { _id: true; }, { name: string; image: string; slug: string; price: number; productId: ObjectId; quantity: number; }, Document<...> & ... 1 more ... & { ...; }, unknown, { ...; } & ... 1 more ... & { ...; }>, index: number, obj: Schema<...>[]) => unknown, thisArg?: any): Schema<...>', gave the following error.
    Argument of type '(i: { productId: { toString(): string; }; }) => boolean' is not assignable to parameter of type '(value: Schema<any, Model<any, any, any, any, any, any, any>, {}, {}, {}, {}, { _id: true; }, { name: string; image: string; slug: string; price: number; productId: ObjectId; quantity: number; }, Document<...> & ... 1 more ... & { ...; }, unknown, { ...; } & ... 1 more ... & { ...; }>, index: number, obj: Schema<......'.
      Types of parameters 'i' and 'value' are incompatible.
        Property 'productId' is missing in type 'Schema<any, Model<any, any, any, any, any, any, any>, {}, {}, {}, {}, { _id: true; }, { name: string; image: string; slug: string; price: number; productId: ObjectId; quantity: number; }, Document<...> & ... 1 more ... & { ...; }, unknown, { ...; } & ... 1 more ... & { ...; }>' but required in type '{ productId: { toString(): string; }; }'.
app/api/cart/route.ts(41,16): error TS2339: Property 'quantity' does not exist on type 'Schema<any, Model<any, any, any, any, any, any, any>, {}, {}, {}, {}, { _id: true; }, { name: string; image: string; slug: string; price: number; productId: ObjectId; quantity: number; }, Document<...> & ... 1 more ... & { ...; }, unknown, { ...; } & ... 1 more ... & { ...; }>'.
app/api/products/route.ts(44,13): error TS2345: Argument of type 'Record<string, unknown>' is not assignable to parameter of type 'string | Record<string, SortOrder | { $meta: any; }> | [string, SortOrder][]'.
  Type 'Record<string, unknown>' is missing the following properties from type '[string, SortOrder][]': length, pop, push, concat, and 35 more.
app/api/wishlist/[productId]/route.ts(26,26): error TS2345: Argument of type 'string' is not assignable to parameter of type 'ObjectId'.
